check_api.ts(8,35): error TS18046: 'err' is of type 'unknown'.
